Script started on 2024-10-12 13:06:00+00:00 [TERM="xterm-256color" TTY="/dev/pts/0" COLUMNS="124" LINES="31"]
[?2004h]0;rakeshsta@TIGER05142: ~/git_assignment[01;32mrakeshsta@TIGER05142[00m:[01;34m~/git_assignment[00m$ tree .
[?2004l[01;34m.[0m
└── my_git_session

1 directory, 1 file
[?2004h]0;rakeshsta@TIGER05142: ~/git_assignment[01;32mrakeshsta@TIGER05142[00m:[01;34m~/git_assignment[00m$ [K]0;rakeshsta@TIGER05142: ~/git_assignment[01;32mrakeshsta@TIGER05142[00m:[01;34m~/git_assignment[00m$ [K]0;rakeshsta@TIGER05142: ~/git_assignment[01;32mrakeshsta@TIGER05142[00m:[01;34m~/git_assignment[00m$ ls
[?2004lmy_git_session
[?2004h]0;rakeshsta@TIGER05142: ~/git_assignment[01;32mrakeshsta@TIGER05142[00m:[01;34m~/git_assignment[00m$ pwd
[?2004l/home/rakeshsta/git_assignment
[?2004h]0;rakeshsta@TIGER05142: ~/git_assignment[01;32mrakeshsta@TIGER05142[00m:[01;34m~/git_assignment[00m$ git init
[?2004lInitialized empty Git repository in /home/rakeshsta/git_assignment/.git/
[?2004h]0;rakeshsta@TIGER05142: ~/git_assignment[01;32mrakeshsta@TIGER05142[00m:[01;34m~/git_assignment[00m$ [7mgit config --list --show-origin[27mgit config --list --show-origin[K[K[K[K[K[K[K[K[K[K[K[K[K[K[K[K[K[K[K[K[K[K[K[K[K[K[K[K[K[K[K[7mgit config --local user.name RakeshSTA[27mgit config --local user.name RakeshSTA
[?2004l[?2004h]0;rakeshsta@TIGER05142: ~/git_assignment[01;32mrakeshsta@TIGER05142[00m:[01;34m~/git_assignment[00m$ [7mgit config --local user.email rakesh.sukumar@tigeranalytics.com[27m[C[C[C[C[C[C[C[C[C[C[C[C[C[C[C[C[C[C[C[C[C[C[C[C[C[C[C[C[C[C[C[C[C[C[C[C[C[C[Cgit config --local user.email rakesh.sukumar@tigeranalytics.com
[?2004l[?2004h]0;rakeshsta@TIGER05142: ~/git_assignment[01;32mrakeshsta@TIGER05142[00m:[01;34m~/git_assignment[00m$ [7mgit config --list --show-origin[27mgit config --list --show-origin
[?2004l[?1h=file:/home/rakeshsta/.gitconfig credential.https://github.com.helper=[m
file:/home/rakeshsta/.gitconfig credential.https://github.com.helper=!/usr/bin/gh auth git-credential[m
file:/home/rakeshsta/.gitconfig credential.https://gist.github.com.helper=[m
file:/home/rakeshsta/.gitconfig credential.https://gist.github.com.helper=!/usr/bin/gh auth git-credential[m
file:/home/rakeshsta/.gitconfig core.editor=code --wait[m
file:/home/rakeshsta/.gitconfig init.defaultbranch=main[m
file:.git/config        core.repositoryformatversion=0[m
file:.git/config        core.filemode=true[m
file:.git/config        core.bare=false[m
file:.git/config        core.logallrefupdates=true[m
file:.git/config        user.name=RakeshSTA[m
file:.git/config        user.email=rakesh.sukumar@tigeranalytics.com[m
[K[?1l>[?2004h]0;rakeshsta@TIGER05142: ~/git_assignment[01;32mrakeshsta@TIGER05142[00m:[01;34m~/git_assignment[00m$ [7mgit help config[27mgit help config
[?2004l[?1049h[22;0;0t[?1h=[4mGIT-CONFIG[24m(1)                                          Git Manual                                          [4mGIT-CONFIG[24m(1)[m
[m
[1mNAME[0m[m
       git-config - Get and set repository or global options[m
[m
[1mSYNOPSIS[0m[m
       [4mgit[24m [4mconfig[24m [<file-option>] [--type=<type>] [--fixed-value] [--show-origin] [--show-scope] [-z|--null] <name> [<value>[m [4m[24m[4m[24m [<value-pattern>]][m
       [4mgit[24m [4mconfig[24m [<file-option>] [--type=<type>] --add <name> <value>[m
       [4mgit[24m [4mconfig[24m [<file-option>] [--type=<type>] [--fixed-value] --replace-all <name> <value> [<value-pattern>][m
       [4mgit[24m [4mconfig[24m [<file-option>] [--type=<type>] [--show-origin] [--show-scope] [-z|--null] [--fixed-value] --get <name> [<[m [4m[24m[4m[24mvalue-pattern>][m
       [4mgit[24m [4mconfig[24m [<file-option>] [--type=<type>] [--show-origin] [--show-scope] [-z|--null] [--fixed-value] --get-all <name[m [4m[24m[4m[24m> [<value-pattern>][m
       [4mgit[24m [4mconfig[24m [<file-option>] [--type=<type>] [--show-origin] [--show-scope] [-z|--null] [--fixed-value] [--name-only] -[m [4m[24m[4m[24m-get-regexp <name-regex> [<value-pattern>][m
       [4mgit[24m [4mconfig[24m [<file-option>] [--type=<type>] [-z|--null] --get-urlmatch <name> <URL>[m
       [4mgit[24m [4mconfig[24m [<file-option>] [--fixed-value] --unset <name> [<value-pattern>][m
       [4mgit[24m [4mconfig[24m [<file-option>] [--fixed-value] --unset-all <name> [<value-pattern>][m
       [4mgit[24m [4mconfig[24m [<file-option>] --rename-section <old-name> <new-name>[m
       [4mgit[24m [4mconfig[24m [<file-option>] --remove-section <name>[m
       [4mgit[24m [4mconfig[24m [<file-option>] [--show-origin] [--show-scope] [-z|--null] [--name-only] -l | --list[m
       [4mgit[24m [4mconfig[24m [<file-option>] --get-color <name> [<default>][m
       [4mgit[24m [4mconfig[24m [<file-option>] --get-colorbool <name> [<stdout-is-tty>][m
       [4mgit[24m [4mconfig[24m [<file-option>] -e | --edit[m
[m
[1mDESCRIPTION[0m[m
       You can query/set/replace/unset options with this command. The name is actually the section and the key separated[m
       by a dot, and the value will be escaped.[m
[m
[7m Manual page git-config(1) line 1 (press h for help or q to quit)[27m[K[K[?1l>[?1049l[23;0;0t[?2004h]0;rakeshsta@TIGER05142: ~/git_assignment[01;32mrakeshsta@TIGER05142[00m:[01;34m~/git_assignment[00m$ [7mgit config -h[27mgit config -h | less
[?2004l[?1049h[22;0;0t[?1h=usage: git config [<options>]

Config file location
    --[no-]global         use global config file
    --[no-]system         use system config file
    --[no-]local          use repository config file
    --[no-]worktree       use per-worktree config file
    -f, --[no-]file <file>
                          use given config file
    --[no-]blob <blob-id> read config from given blob object

Action
    --[no-]get            get value: name [value-pattern]
    --[no-]get-all        get all values: key [value-pattern]
    --[no-]get-regexp     get values for regexp: name-regex [value-pattern]
    --[no-]get-urlmatch   get value specific for the URL: section[.var] URL
    --[no-]replace-all    replace all matching variables: name value [value-pattern]
    --[no-]add            add a new variable: name value
    --[no-]unset          remove a variable: name [value-pattern]
    --[no-]unset-all      remove all matches: name [value-pattern]
    --[no-]rename-section rename section: old-name new-name
    --[no-]remove-section remove a section: name
    -l, --[no-]list       list all
    --[no-]fixed-value    use string equality when comparing values to 'value-pattern'
    -e, --[no-]edit       open an editor
    --[no-]get-color      find the color configured: slot [default]
    --[no-]get-colorbool  find the color setting: slot [stdout-is-tty]

Type
    -t, --[no-]type <type>
:[K[K[?1l>[?1049l[23;0;0t[?2004h]0;rakeshsta@TIGER05142: ~/git_assignment[01;32mrakeshsta@TIGER05142[00m:[01;34m~/git_assignment[00m$ [7mgit status[27mgit status
[?2004lOn branch main

No commits yet

Untracked files:
  (use "git add <file>..." to include in what will be committed)
	[31mmy_git_session[m

nothing added to commit but untracked files present (use "git add" to track)
[?2004h]0;rakeshsta@TIGER05142: ~/git_assignment[01;32mrakeshsta@TIGER05142[00m:[01;34m~/git_assignment[00m$ git add [K[K[K[K[K[K[K[Kgit [K[K[K[Ktouch README.md
[?2004l[?2004h]0;rakeshsta@TIGER05142: ~/git_assignment[01;32mrakeshsta@TIGER05142[00m:[01;34m~/git_assignment[00m$ "Git[K[K[K[Kecho "Git Assignment Repository" >> REAM[KDME.md
[?2004l[?2004h]0;rakeshsta@TIGER05142: ~/git_assignment[01;32mrakeshsta@TIGER05142[00m:[01;34m~/git_assignment[00m$ cat re[K[KRa[KEADME.md 
[?2004lGit Assignment Repository
[?2004h]0;rakeshsta@TIGER05142: ~/git_assignment[01;32mrakeshsta@TIGER05142[00m:[01;34m~/git_assignment[00m$ git add [K[K[K[Kstatus
[?2004lOn branch main

No commits yet

Untracked files:
  (use "git add <file>..." to include in what will be committed)
	[31mREADME.md[m
	[31mmy_git_session[m

nothing added to commit but untracked files present (use "git add" to track)
[?2004h]0;rakeshsta@TIGER05142: ~/git_assignment[01;32mrakeshsta@TIGER05142[00m:[01;34m~/git_assignment[00m$ git add README.md my_git_session 
[?2004l[?2004h]0;rakeshsta@TIGER05142: ~/git_assignment[01;32mrakeshsta@TIGER05142[00m:[01;34m~/git_assignment[00m$ git status
[?2004lOn branch main

No commits yet

Changes to be committed:
  (use "git rm --cached <file>..." to unstage)
	[32mnew file:   README.md[m
	[32mnew file:   my_git_session[m

[?2004h]0;rakeshsta@TIGER05142: ~/git_assignment[01;32mrakeshsta@TIGER05142[00m:[01;34m~/git_assignment[00m$ git [K[K[K[Kecho "Test file" >> CONTRIBUTING.md
[?2004l[?2004h]0;rakeshsta@TIGER05142: ~/git_assignment[01;32mrakeshsta@TIGER05142[00m:[01;34m~/git_assignment[00m$ git add CONTRIBUTING.md 
[?2004l[?2004h]0;rakeshsta@TIGER05142: ~/git_assignment[01;32mrakeshsta@TIGER05142[00m:[01;34m~/git_assignment[00m$ git stati[Kus
[?2004lOn branch main

No commits yet

Changes to be committed:
  (use "git rm --cached <file>..." to unstage)
	[32mnew file:   CONTRIBUTING.md[m
	[32mnew file:   README.md[m
	[32mnew file:   my_git_session[m

[?2004h]0;rakeshsta@TIGER05142: ~/git_assignment[01;32mrakeshsta@TIGER05142[00m:[01;34m~/git_assignment[00m$ echo >> [K[K[K"Second line of CONTRIBUTING.md" >> CONTRIBUTING.md 
[?2004l[?2004h]0;rakeshsta@TIGER05142: ~/git_assignment[01;32mrakeshsta@TIGER05142[00m:[01;34m~/git_assignment[00m$ git status
[?2004lOn branch main

No commits yet

Changes to be committed:
  (use "git rm --cached <file>..." to unstage)
	[32mnew file:   CONTRIBUTING.md[m
	[32mnew file:   README.md[m
	[32mnew file:   my_git_session[m

Changes not staged for commit:
  (use "git add <file>..." to update what will be committed)
  (use "git restore <file>..." to discard changes in working directory)
	[31mmodified:   CONTRIBUTING.md[m

[?2004h]0;rakeshsta@TIGER05142: ~/git_assignment[01;32mrakeshsta@TIGER05142[00m:[01;34m~/git_assignment[00m$ git statusecho "Second line of CONTRIBUTING.md" >> CONTRIBUTING.md [C[C[C[C[C[C[C[C[C[C[C[C[C[C[C[C[C[C[C[C[C[C[C[C[C[C[C[C[C[C[C[C[C[C[C[C[C[C[Cgit status[Kadd CONTRIBUTING.md 
[?2004l[?2004h]0;rakeshsta@TIGER05142: ~/git_assignment[01;32mrakeshsta@TIGER05142[00m:[01;34m~/git_assignment[00m$ git add CONTRIBUTING.md status[K
[?2004lOn branch main

No commits yet

Changes to be committed:
  (use "git rm --cached <file>..." to unstage)
	[32mnew file:   CONTRIBUTING.md[m
	[32mnew file:   README.md[m
	[32mnew file:   my_git_session[m

[?2004h]0;rakeshsta@TIGER05142: ~/git_assignment[01;32mrakeshsta@TIGER05142[00m:[01;34m~/git_assignment[00m$ git statusadd CONTRIBUTING.md status[Kecho "Second line of CONTRIBUTING.md" >> CONTRIBUTING.md [1P[1P[1P[1P[1P[1P[1@T[1@h[1@i[1@r[1@s[1P[1@d[C[C[C[C[C[C[C[C[C[C[C[C[C[C[C[C[C[C[C[C[C[C[C[C[C[C[C[C[C[C[C[C[C[C[C[C[C[C[C[C[C[C[C[C
[?2004l[?2004h]0;rakeshsta@TIGER05142: ~/git_assignment[01;32mrakeshsta@TIGER05142[00m:[01;34m~/git_assignment[00m$ git status
[?2004lOn branch main

No commits yet

Changes to be committed:
  (use "git rm --cached <file>..." to unstage)
	[32mnew file:   CONTRIBUTING.md[m
	[32mnew file:   README.md[m
	[32mnew file:   my_git_session[m

Changes not staged for commit:
  (use "git add <file>..." to update what will be committed)
  (use "git restore <file>..." to discard changes in working directory)
	[31mmodified:   CONTRIBUTING.md[m

[?2004h]0;rakeshsta@TIGER05142: ~/git_assignment[01;32mrakeshsta@TIGER05142[00m:[01;34m~/git_assignment[00m$ git statusecho "Third line of CONTRIBUTING.md" >> CONTRIBUTING.md [C[C[C[C[C[C[C[C[C[C[C[C[C[C[C[C[C[C[C[C[C[C[C[C[C[C[C[C[C[C[C[C[C[C[C[C[C[C[Cgit status[Kadd CONTRIBUTING.md 
[?2004l[?2004h]0;rakeshsta@TIGER05142: ~/git_assignment[01;32mrakeshsta@TIGER05142[00m:[01;34m~/git_assignment[00m$ git add CONTRIBUTING.md status[K
[?2004lOn branch main

No commits yet

Changes to be committed:
  (use "git rm --cached <file>..." to unstage)
	[32mnew file:   CONTRIBUTING.md[m
	[32mnew file:   README.md[m
	[32mnew file:   my_git_session[m

Changes not staged for commit:
  (use "git add <file>..." to update what will be committed)
  (use "git restore <file>..." to discard changes in working directory)
	[31mmodified:   my_git_session[m

[?2004h]0;rakeshsta@TIGER05142: ~/git_assignment[01;32mrakeshsta@TIGER05142[00m:[01;34m~/git_assignment[00m$ git status -s
[?2004l[32mA[m  CONTRIBUTING.md
[32mA[m  README.md
[32mA[m[31mM[m my_git_session
[?2004h]0;rakeshsta@TIGER05142: ~/git_assignment[01;32mrakeshsta@TIGER05142[00m:[01;34m~/git_assignment[00m$ git add my_git_session 
[?2004l[?2004h]0;rakeshsta@TIGER05142: ~/git_assignment[01;32mrakeshsta@TIGER05142[00m:[01;34m~/git_assignment[00m$ git add my_git_session [10Pstatus -s[K-short
[?2004l[32mA[m  CONTRIBUTING.md
[32mA[m  README.md
[32mA[m  my_git_session
[?2004h]0;rakeshsta@TIGER05142: ~/git_assignment[01;32mrakeshsta@TIGER05142[00m:[01;34m~/git_assignment[00m$ nano .gitignore
[?2004l[?2004h[?1049h[22;0;0t[1;31r(B[m[4l[?7h[39;49m[?1h=[?1h=[?25l[39;49m(B[m[H[2J[29;57H(B[0;7m[ New File ](B[m[H(B[0;7m  GNU nano 7.2                                             .gitignore                                                       [1;123H(B[m[30d(B[0;7m^G(B[m Help[30;16H(B[0;7m^O(B[m Write Out   (B[0;7m^W(B[m Where Is    (B[0;7m^K(B[m Cut[30;61H(B[0;7m^T(B[m Execute     (B[0;7m^C(B[m Location    (B[0;7mM-U(B[m Undo[106G(B[0;7mM-A(B[m Set Mark[31d(B[0;7m^X(B[m Exit[31;16H(B[0;7m^R(B[m Read File   (B[0;7m^\(B[m Replace     (B[0;7m^U(B[m Paste[61G(B[0;7m^J(B[m Justify     (B[0;7m^/(B[m Go To Line  (B[0;7mM-E(B[m Redo[106G(B[0;7mM-6(B[m Copy[2d[?12l[?25h[?25l[1;71H(B[0;7m*[123G(B[m[?12l[?25h[2d*[?25l[?12l[?25h.[?25l[?12l[?25h[[?25l[?12l[?25h][?25l[?12l[?25h[?25l[?12l[?25h0][?25l[?12l[?25h][K[?25l[?12l[?25ho][?25l[?12l[?25ha][?25l[?12l[?25h][?25l[3d[?12l[?25h[?25l[?12l[?25h~[?25l[?12l[?25h~[?25l[?12l[?25h[?25l[?12l[?25h [?25l[?12l[?25h*~[?25l[30;16H[16X[30;32H(B[0;7mM-D(B[m DOS Format      [30;61H  (B[0;7mM-A(B[m Append[21X[30;94H(B[0;7mM-B(B[m Backup File[K[31;2H(B[0;7mC(B[m Cancel[16G[16X[31;32H(B[0;7mM-M(B[m Mac Format        [61G  (B[0;7mM-P(B[m Prepend[20X[31;94H(B[0;7m^T(B[m Browse[K[29d(B[0;7mFile Name to Write: .gitignore                                                                                              [29;31H(B[m[?12l[?25h[?25l[29;55H[1K (B[0;7m[ Writing... ](B[m[K[1;71H(B[0;7m [123G(B[m[29;54H(B[0;7m[ Wrote 2 lines ](B[m[30;16H(B[0;7m^O(B[m Write Out   (B[0;7m^W(B[m Where Is    (B[0;7m^K(B[m Cut[30;61H(B[0;7m^T(B[m Execute     (B[0;7m^C(B[m Location    (B[0;7mM-U(B[m Undo       (B[0;7mM-A(B[m Set Mark[31;2H(B[0;7mX(B[m Exit  [16G(B[0;7m^R(B[m Read File   (B[0;7m^\(B[m Replace     (B[0;7m^U(B[m Paste[61G(B[0;7m^J(B[m Justify     (B[0;7m^/(B[m Go To Line  (B[0;7mM-E(B[m Redo       (B[0;7mM-6(B[m Copy[?12l[?25h[3d*[?25l[29d[J[31d[?12l[?25h[31;1H[?1049l[23;0;0t[?1l>[?2004l[?2004h]0;rakeshsta@TIGER05142: ~/git_assignment[01;32mrakeshsta@TIGER05142[00m:[01;34m~/git_assignment[00m$ git status
[?2004lOn branch main

No commits yet

Changes to be committed:
  (use "git rm --cached <file>..." to unstage)
	[32mnew file:   CONTRIBUTING.md[m
	[32mnew file:   README.md[m
	[32mnew file:   my_git_session[m

Changes not staged for commit:
  (use "git add <file>..." to update what will be committed)
  (use "git restore <file>..." to discard changes in working directory)
	[31mmodified:   my_git_session[m

Untracked files:
  (use "git add <file>..." to include in what will be committed)
	[31m.gitignore[m

[?2004h]0;rakeshsta@TIGER05142: ~/git_assignment[01;32mrakeshsta@TIGER05142[00m:[01;34m~/git_assignment[00m$ git add my_git_session .gitignore 
[?2004l[?2004h]0;rakeshsta@TIGER05142: ~/git_assignment[01;32mrakeshsta@TIGER05142[00m:[01;34m~/git_assignment[00m$ nano README.md 
[?2004l[?2004h[?1049h[22;0;0t[1;31r(B[m[4l[?7h[39;49m[?1h=[?1h=[?25l[39;49m(B[m[H[2J[29;56H(B[0;7m[ Reading... ](B[m[29;55H(B[0;7m[ Read 1 line ](B[m[H(B[0;7m  GNU nano 7.2                                              README.md                                                       [1;123H(B[m[30d(B[0;7m^G(B[m Help[30;16H(B[0;7m^O(B[m Write Out   (B[0;7m^W(B[m Where Is    (B[0;7m^K(B[m Cut[30;61H(B[0;7m^T(B[m Execute     (B[0;7m^C(B[m Location    (B[0;7mM-U(B[m Undo[106G(B[0;7mM-A(B[m Set Mark[31d(B[0;7m^X(B[m Exit[31;16H(B[0;7m^R(B[m Read File   (B[0;7m^\(B[m Replace     (B[0;7m^U(B[m Paste[61G(B[0;7m^J(B[m Justify     (B[0;7m^/(B[m Go To Line  (B[0;7mM-E(B[m Redo[106G(B[0;7mM-6(B[m Copy[2dGit Assignment Repository[?12l[?25h[?25l[?12l[?25hG[?25l[?12l[?25hi[?25l[?12l[?25ht[?25l[?12l[?25h [?25l[?12l[?25hA[?25l[?12l[?25hs[?25l[?12l[?25hs[?25l[?12l[?25hi[?25l[?12l[?25hg[?25l[?12l[?25hn[?25l[?12l[?25hm[?25l[?12l[?25he[?25l[?12l[?25hn[?25l[?12l[?25ht[?25l[?12l[?25h [?25l[?12l[?25hR[?25l[?12l[?25he[?25l[?12l[?25hp[?25l[?12l[?25ho[?25l[29d[K[?12l[?25h[2;21H[?25l[?12l[?25hi[?25l[?12l[?25ht[?25l[?12l[?25ho[?25l[?12l[?25hr[?25l[?12l[?25hy[?25l[1;71H(B[0;7m*[123G(B[m[3d[?12l[?25h[?25l[?12l[?25hN[?25l[?12l[?25he[?25l[?12l[?25hw[?25l[?12l[?25h [?25l[?12l[?25hw[?25l[?12l[?25h [?25l[?12l[?25hl[?25l[?12l[?25hi[?25l[?12l[?25hn[?25l[?12l[?25he[?25l[?12l[?25h [?25l[?12l[?25ha[?25l[?12l[?25hd[?25l[?12l[?25hd[?25l[?12l[?25he[?25l[?12l[?25hd[?25l[30;16H[16X[30;32H(B[0;7mM-D(B[m DOS Format      [30;61H  (B[0;7mM-A(B[m Append[21X[30;94H(B[0;7mM-B(B[m Backup File[K[31;2H(B[0;7mC(B[m Cancel[16G[16X[31;32H(B[0;7mM-M(B[m Mac Format        [61G  (B[0;7mM-P(B[m Prepend[20X[31;94H(B[0;7m^T(B[m Browse[K[29d(B[0;7mFile Name to Write: README.md                                                                                               [29;30H(B[m[?12l[?25h[?25l[29;55H[1K (B[0;7m[ Writing... ](B[m[K[1;71H(B[0;7m [123G(B[m[29;54H(B[0;7m[ Wrote 2 lines ](B[m[30;16H(B[0;7m^O(B[m Write Out   (B[0;7m^W(B[m Where Is    (B[0;7m^K(B[m Cut[30;61H(B[0;7m^T(B[m Execute     (B[0;7m^C(B[m Location    (B[0;7mM-U(B[m Undo       (B[0;7mM-A(B[m Set Mark[31;2H(B[0;7mX(B[m Exit  [16G(B[0;7m^R(B[m Read File   (B[0;7m^\(B[m Replace     (B[0;7m^U(B[m Paste[61G(B[0;7m^J(B[m Justify     (B[0;7m^/(B[m Go To Line  (B[0;7mM-E(B[m Redo       (B[0;7mM-6(B[m Copy[?12l[?25h[3;15H[?25l[29d[J[31d[?12l[?25h[31;1H[?1049l[23;0;0t[?1l>[?2004l[?2004h]0;rakeshsta@TIGER05142: ~/git_assignment[01;32mrakeshsta@TIGER05142[00m:[01;34m~/git_assignment[00m$ nano CONTRIBUTING.md 
[?2004l[?2004h[?1049h[22;0;0t[1;31r(B[m[4l[?7h[39;49m[?1h=[?1h=[?25l[39;49m(B[m[H[2J[29;56H(B[0;7m[ Reading... ](B[m[29;55H(B[0;7m[ Read 3 lines ](B[m[H(B[0;7m  GNU nano 7.2                                           CONTRIBUTING.md                                                    [1;123H(B[m[30d(B[0;7m^G(B[m Help[30;16H(B[0;7m^O(B[m Write Out   (B[0;7m^W(B[m Where Is    (B[0;7m^K(B[m Cut[30;61H(B[0;7m^T(B[m Execute     (B[0;7m^C(B[m Location    (B[0;7mM-U(B[m Undo[106G(B[0;7mM-A(B[m Set Mark[31d(B[0;7m^X(B[m Exit[31;16H(B[0;7m^R(B[m Read File   (B[0;7m^\(B[m Replace     (B[0;7m^U(B[m Paste[61G(B[0;7m^J(B[m Justify     (B[0;7m^/(B[m Go To Line  (B[0;7mM-E(B[m Redo[106G(B[0;7mM-6(B[m Copy[2dTest file[3dSecond line of CONTRIBUTING.md[4dThird line of CONTRIBUTING.md[2d[?12l[?25h[?25l[?12l[?25h[3d[?25l[?12l[?25h[4d[?25l[?12l[?25h[5d[?25l[?12l[?25h[?25l[?12l[?25h[?25l[?12l[?25h[?25l[1;74H(B[0;7m*[123G(B[m[?12l[?25h[5dF[?25l[?12l[?25ho[?25l[?12l[?25hu[?25l[?12l[?25hr[?25l[?12l[?25ht[?25l[?12l[?25hh[?25l[?12l[?25h [?25l[?12l[?25hL[?25l[?12l[?25hi[?25l[?12l[?25hn[?25l[?12l[?25he[?25l[30;16H[16X[30;32H(B[0;7mM-D(B[m DOS Format      [30;61H  (B[0;7mM-A(B[m Append[21X[30;94H(B[0;7mM-B(B[m Backup File[K[31;2H(B[0;7mC(B[m Cancel[16G[16X[31;32H(B[0;7mM-M(B[m Mac Format        [61G  (B[0;7mM-P(B[m Prepend[20X[31;94H(B[0;7m^T(B[m Browse[K[29d(B[0;7mFile Name to Write: CONTRIBUTING.md                                                                                         [29;36H(B[m[?12l[?25h[?25l[?12l[?25h[?25l[29;55H[1K (B[0;7m[ Writing... ](B[m[K[1;74H(B[0;7m [123G(B[m[29;54H(B[0;7m[ Wrote 4 lines ](B[m[30;16H(B[0;7m^O(B[m Write Out   (B[0;7m^W(B[m Where Is    (B[0;7m^K(B[m Cut[30;61H(B[0;7m^T(B[m Execute     (B[0;7m^C(B[m Location    (B[0;7mM-U(B[m Undo       (B[0;7mM-A(B[m Set Mark[31;2H(B[0;7mX(B[m Exit  [16G(B[0;7m^R(B[m Read File   (B[0;7m^\(B[m Replace     (B[0;7m^U(B[m Paste[61G(B[0;7m^J(B[m Justify     (B[0;7m^/(B[m Go To Line  (B[0;7mM-E(B[m Redo       (B[0;7mM-6(B[m Copy[?12l[?25h[5;12H[?25l[29d[J[31d[?12l[?25h[31;1H[?1049l[23;0;0t[?1l>[?2004l[?2004h]0;rakeshsta@TIGER05142: ~/git_assignment[01;32mrakeshsta@TIGER05142[00m:[01;34m~/git_assignment[00m$ git statys[K[Kus
[?2004lOn branch main

No commits yet

Changes to be committed:
  (use "git rm --cached <file>..." to unstage)
	[32mnew file:   .gitignore[m
	[32mnew file:   CONTRIBUTING.md[m
	[32mnew file:   README.md[m
	[32mnew file:   my_git_session[m

Changes not staged for commit:
  (use "git add <file>..." to update what will be committed)
  (use "git restore <file>..." to discard changes in working directory)
	[31mmodified:   CONTRIBUTING.md[m
	[31mmodified:   README.md[m
	[31mmodified:   my_git_session[m

[?2004h]0;rakeshsta@TIGER05142: ~/git_assignment[01;32mrakeshsta@TIGER05142[00m:[01;34m~/git_assignment[00m$ git diff
[?2004l[?1h=[1mdiff --git a/CONTRIBUTING.md b/CONTRIBUTING.md[m[m
[1mindex 532cf49..7b1a2d3 100644[m[m
[1m--- a/CONTRIBUTING.md[m[m
[1m+++ b/CONTRIBUTING.md[m[m
[36m@@ -1,3 +1,4 @@[m[m
 Test file[m[m
 Second line of CONTRIBUTING.md[m[m
 Third line of CONTRIBUTING.md[m[m
[32m+[m[32mFourth Line[m[m
[1mdiff --git a/README.md b/README.md[m[m
[1mindex 0c6c9ed..d952c29 100644[m[m
[1m--- a/README.md[m[m
[1m+++ b/README.md[m[m
[36m@@ -1 +1,2 @@[m[m
 Git Assignment Repository[m[m
[32m+[m[32mNew line added[m[m
[1mdiff --git a/my_git_session b/my_git_session[m[m
[1mindex 6d3e614..7254483 100644[m[m
[1m--- a/my_git_session[m[m
[1m+++ b/my_git_session[m[m
[36m@@ -205,4 +205,27 @@[m [mChanges not staged for commit:[m[m
 [32mA[m  README.md[m[m
 [32mA[m  my_git_session[m[m
 akeshsta@TIGER05142: ~/git_assignment[7m^G[27m[01;32mrakeshsta@TIGER05142[00m:[01;34m~/git_assignment[00m$ nano .gitignore[m[m
[31m-[7m^M[27m[m[39;49m[39;49m[m[0;7m[ New File ][m[0;7m  GNU nano 7.2                                             .gitignore                                        [m [31m[m[39;49m[39;49m[m[0;7m[m[0;7m               [m[7m^M[27m[0;7m^G[m Help[0;7m^O[m Write Out   [0;7m^W[m Where Is    [0;7m^K[m Cut[0;7m^T[m Execute     [0;7m^C[m Location    [0;7mM-U[m Undo[0;7mM-A[m Set Mark[7m^M[27m[0;7m^X[m Exit[0;7m^R[m Re[m [31m[m[39;49m[39;49m[m[0;7m[m[0;7m[m[0;7m[m[0;7m[m[0;7m[m[0;7m[m[0;7m[m[0;7m[m[0;7m[m[0;7m[m[0;7m[m[0;7m[mad File   [0;7m^\[m Replace     [0;7m^U[m Paste[0;7m^J[m Justify     [0;7m^/[m Go To Line  [0;7mM-E[m Redo[0;7mM-6[m Copy[7m^M[27m[0;7m*[m[7m^M[27m*.[0[7m^H[27m][7m^H[27moa][7m^M[27m~ [7m^M[27m*[0;7mM-D[m DOS Format        [0;7mM-A[m A[m [31m[m[39;49m[39;49m[m[0;7m[m[0;7m[m[0;7m[m[0;7m[m[0;7m[m[0;7m[m[0;7m[m[0;7m[m[0;7m[m[0;7m[m[0;7m[m[0;7m[m[0;7m[m[0;7m[m[0;7m[m[0;7m[m[0;7m[m[0;7m[m[0;7m[m0]a] [0;7mM[m[0;7m[mppend[0;7mM-B[m Backup File[0;7mC[m Cancel[0;7mM-M[m Mac Format          [0;7mM-P[m Prepend[0;7m^T[m Browse[7m^M[27m[0;7mFile Name to Write: .gitignore                    [m [31m[m[39;49m[39;49m[m[0;7m[m[0;7m[m[0;7m[m[0;7m[m[0;7m[m[0;7m[m[0;7m[m[0;7m[m[0;7m[m[0;7m[m[0;7m[m[0;7m[m[0;7m[m[0;7m[m[0;7m[m[0;7m[m[0;7m[m[0;7m[m[0;7m[m0]a] [0;7mM[m[0;7m[m[0;7m[m[0;7m[m[0;7m[m[0;7m[m[0;7m[m[0;7m                                                                          [m [0;7m[ Writing... ][m[0;7m [m[0;7m[ Wrote 2 lines ][m[0;7m^O[m Write Out   [0;7m^W[m[m [31m[m[39;49m[39;49m[m[0;7m[m[0;7m[m[0;7m[m[0;7m[m[0;7m[m[0;7m[m[0;7m[m[0;7m[m[0;7m[m[0;7m[m[0;7m[m[0;7m[m[0;7m[m[0;7m[m[0;7m[m[0;7m[m[0;7m[m[0;7m[m[0;7m[m0]a] [0;7mM[m[0;7m[m[0;7m[m[0;7m[m[0;7m[m[0;7m[m[0;7m[m[0;7m[m[0;7m[m[0;7m[m[0;7m[m[0;7m[m[0;7m[m Where Is    [0;7m^K[m Cut[0;7m^T[m Execute     [0;7m^C[m Location    [0;7mM-U[m Undo       [0;7mM-A[m Set Mark[0;7mX[m Exit  [0;7m^R[m Read File   [0;7m^\[m Replace     [0;7m^U[m Paste[0;7m^J[m[m :[K[K[31m[m[39;49m[39;49m[m[0;7m[m[0;7m[m[0;7m[m[0;7m[m[0;7m[m[0;7m[m[0;7m[m[0;7m[m[0;7m[m[0;7m[m[0;7m[m[0;7m[m[0;7m[m[0;7m[m[0;7m[m[0;7m[m[0;7m[m[0;7m[m[0;7m[m0]a] [0;7mM[m[0;7m[m[0;7m[m[0;7m[m[0;7m[m[0;7m[m[0;7m[m[0;7m[m[0;7m[m[0;7m[m[0;7m[m[0;7m[m[0;7m[m[0;7m[m[0;7m[m[0;7m[m[0;7m[m[0;7m[m[0;7m[m[0;7m[m[0;7m[m[0;7m[m[0;7m[m Justify     [0;7m^/[m Go To Line  [0;7mM-E[m Redo       [0;7mM-6[m Copy[m[m
:[K[K\ No newline at end of file[m[m
:[K[K[32m+[m[32m[7m^M[27m[m[39;49m[39;49m[m[0;7m[ New File ][m[0;7m  GNU nano 7.2                                             .gitignore                                        [m :[K[K[32m[m[32m[m[39;49m[39;49m[m[0;7m[m[0;7m               [m[7m^M[27m[0;7m^G[m Help[0;7m^O[m Write Out   [0;7m^W[m Where Is    [0;7m^K[m Cut[0;7m^T[m Execute     [0;7m^C[m Location    [0;7mM-U[m Undo[0;7mM-A[m Set Mark[7m^M[27m[0;7m^X[m Exit[0;7m^R[m Re[m :[K[K[32m[m[32m[m[39;49m[39;49m[m[0;7m[m[0;7m[m[0;7m[m[0;7m[m[0;7m[m[0;7m[m[0;7m[m[0;7m[m[0;7m[m[0;7m[m[0;7m[m[0;7m[mad File   [0;7m^\[m Replace     [0;7m^U[m Paste[0;7m^J[m Justify     [0;7m^/[m Go To Line  [0;7mM-E[m Redo[0;7mM-6[m Copy[7m^M[27m[0;7m*[m[7m^M[27m*.[0[7m^H[27m][7m^H[27moa][7m^M[27m~ [7m^M[27m*[0;7mM-D[m DOS Format        [0;7mM-A[m A[m :[K[K[32m[m[32m[m[39;49m[39;49m[m[0;7m[m[0;7m[m[0;7m[m[0;7m[m[0;7m[m[0;7m[m[0;7m[m[0;7m[m[0;7m[m[0;7m[m[0;7m[m[0;7m[m[0;7m[m[0;7m[m[0;7m[m[0;7m[m[0;7m[m[0;7m[m[0;7m[m0]a] [0;7mM[m[0;7m[mppend[0;7mM-B[m Backup File[0;7mC[m Cancel[0;7mM-M[m Mac Format          [0;7mM-P[m Prepend[0;7m^T[m Browse[7m^M[27m[0;7mFile Name to Write: .gitignore                    [m :[K[K[32m[m[32m[m[39;49m[39;49m[m[0;7m[m[0;7m[m[0;7m[m[0;7m[m[0;7m[m[0;7m[m[0;7m[m[0;7m[m[0;7m[m[0;7m[m[0;7m[m[0;7m[m[0;7m[m[0;7m[m[0;7m[m[0;7m[m[0;7m[m[0;7m[m[0;7m[m0]a] [0;7mM[m[0;7m[m[0;7m[m[0;7m[m[0;7m[m[0;7m[m[0;7m[m[0;7m                                                                          [m [0;7m[ Writing... ][m[0;7m [m[0;7m[ Wrote 2 lines ][m[0;7m^O[m Write Out   [0;7m^W[m[m :[K[K[32m[m[32m[m[39;49m[39;49m[m[0;7m[m[0;7m[m[0;7m[m[0;7m[m[0;7m[m[0;7m[m[0;7m[m[0;7m[m[0;7m[m[0;7m[m[0;7m[m[0;7m[m[0;7m[m[0;7m[m[0;7m[m[0;7m[m[0;7m[m[0;7m[m[0;7m[m0]a] [0;7mM[m[0;7m[m[0;7m[m[0;7m[m[0;7m[m[0;7m[m[0;7m[m[0;7m[m[0;7m[m[0;7m[m[0;7m[m[0;7m[m[0;7m[m Where Is    [0;7m^K[m Cut[0;7m^T[m Execute     [0;7m^C[m Location    [0;7mM-U[m Undo       [0;7mM-A[m Set Mark[0;7mX[m Exit  [0;7m^R[m Read File   [0;7m^\[m Replace     [0;7m^U[m Paste[0;7m^J[m[m :[K[K[32m[m[32m[m[39;49m[39;49m[m[0;7m[m[0;7m[m[0;7m[m[0;7m[m[0;7m[m[0;7m[m[0;7m[m[0;7m[m[0;7m[m[0;7m[m[0;7m[m[0;7m[m[0;7m[m[0;7m[m[0;7m[m[0;7m[m[0;7m[m[0;7m[m[0;7m[m0]a] [0;7mM[m[0;7m[m[0;7m[m[0;7m[m[0;7m[m[0;7m[m[0;7m[m[0;7m[m[0;7m[m[0;7m[m[0;7m[m[0;7m[m[0;7m[m[0;7m[m[0;7m[m[0;7m[m[0;7m[m[0;7m[m[0;7m[m[0;7m[m[0;7m[m[0;7m[m[0;7m[m Justify     [0;7m^/[m Go To Line  [0;7mM-E[m Redo       [0;7mM-6[m Copy[7m^M^M[27makeshsta@TIGER05142: ~/git_assignment[7m^G[27m[01;32mrakeshsta@TIGER05142[00m:[01;34m~/git_ass[m :[K[K[32m[m[32m[m[39;49m[39;49m[m[0;7m[m[0;7m[m[0;7m[m[0;7m[m[0;7m[m[0;7m[m[0;7m[m[0;7m[m[0;7m[m[0;7m[m[0;7m[m[0;7m[m[0;7m[m[0;7m[m[0;7m[m[0;7m[m[0;7m[m[0;7m[m[0;7m[m0]a] [0;7mM[m[0;7m[m[0;7m[m[0;7m[m[0;7m[m[0;7m[m[0;7m[m[0;7m[m[0;7m[m[0;7m[m[0;7m[m[0;7m[m[0;7m[m[0;7m[m[0;7m[m[0;7m[m[0;7m[m[0;7m[m[0;7m[m[0;7m[m[0;7m[m[0;7m[m[0;7m[m[0;7m[m[0;7m[m[0;7m[m[01;32m[00m[01;34mignment[00m$ git status[m[41m[7m^M[27m[m[m
:[K[K[32m+[m[32m[7m^M[27mOn branch main[m[41m[7m^M[27m[m[m
:[K[K[32m+[m[41m[7m^M[27m[m[m
:[K[K[32m+[m[32mNo commits yet[m[41m[7m^M[27m[m[m
:[K[K[32m+[m[41m[7m^M[27m[m[m
:[K[K[32m+[m[32mChanges to be committed:[m[41m[7m^M[27m[m[m
:[K[K[32m+[m[32m  (use "git rm --cached <file>..." to unstage)[m[41m[7m^M[27m[m[m
:[K[K[32m+[m       [32m[32mnew file:   CONTRIBUTING.md[m[m[41m[7m^M[27m[m[m
:[K[K[32m+[m       [32m[32mnew file:   README.md[m[m[41m[7m^M[27m[m[m
:[K[K[32m+[m       [32m[32mnew file:   my_git_session[m[m[41m[7m^M[27m[m[m
:[K[K[32m+[m[41m[7m^M[27m[m[m
:[K[K[32m+[m[32mChanges not staged for commit:[m[41m[7m^M[27m[m[m
:[K[K[32m+[m[32m  (use "git add <file>..." to update what will be committed)[m[41m[7m^M[27m[m[m
:[K[K[32m+[m[32m  (use "git restore <file>..." to discard changes in working directory)[m[41m[7m^M[27m[m[m
:[K[K[32m+[m       [32m[31mmodified:   my_git_session[m[m[41m[7m^M[27m[m[m
:[K[K[32m+[m[41m[7m^M[27m[m[m
:[K[K[32m+[m[32mUntracked files:[m[41m[7m^M[27m[m[m
:[K[K[32m+[m[32m  (use "git add <file>..." to include in what will be committed)[m[41m[7m^M[27m[m[m
:[K[K[32m+[m       [32m[31m.gitignore[m[m[41m[7m^M[27m[m[m
:[K[K[32m+[m[41m[7m^M[27m[m[m
:[K[K[32m+[m[32makeshsta@TIGER05142: ~/git_assignment[7m^G[27m[01;32mrakeshsta@TIGER05142[00m:[01;34m~/git_assignment[00m$ git add my_git_session .gitignore[m[41m [7m^M[27m[m[m
:[K[K[32m+[m[32m[7m^M[27makeshsta@TIGER05142: ~/git_assignment[7m^G[27m[01;32mrakeshsta@TIGER05142[00m:[01;34m~/git_assignment[00m$ nano README.md[m[41m [7m^M[27m[m[m
:[K[K[32m+[m[32m[7m^M[27m[m[39;49m[39;49m[m[0;7m[ Reading... ][m[0;7m[ Read 1 line ][m[0;7m  GNU nano 7.2                                              README.md                       [m :[K[K[32m[m[32m[m[39;49m[39;49m[m[0;7m[m[0;7m[m[0;7m                                [m[7m^M[27m[0;7m^G[m Help[0;7m^O[m Write Out   [0;7m^W[m Where Is    [0;7m^K[m Cut[0;7m^T[m Execute     [0;7m^C[m Location    [0;7mM-U[m Undo[0;7mM-A[m Set M[m :[K[K[32m[m[32m[m[39;49m[39;49m[m[0;7m[m[0;7m[m[0;7m[m[0;7m[m[0;7m[m[0;7m[m[0;7m[m[0;7m[m[0;7m[m[0;7m[m[0;7m[mark[7m^M[27m[0;7m^X[m Exit[0;7m^R[m Read File   [0;7m^\[m Replace     [0;7m^U[m Paste[0;7m^J[m Justify     [0;7m^/[m Go To Line  [0;7mM-E[m Redo[0;7mM-6[m Copy[7m^M[27mGit Assignment Repository[7m^[27m[m :[K[K[32m[m[32m[m[39;49m[39;49m[m[0;7m[m[0;7m[m[0;7m[m[0;7m[m[0;7m[m[0;7m[m[0;7m[m[0;7m[m[0;7m[m[0;7m[m[0;7m[m[0;7m[m[0;7m[m[0;7m[m[0;7m[m[0;7m[m[0;7m[m[0;7m[m[0;7m[m[7m^M[27mGit Assignment Repo[7m^M[27mitory[0;7m*[m[7m^M[27mNew line added[0;7mM-D[m DOS Format        [0;7mM-A[m Append[0;7mM-B[m Backup File[0;7mC[m Cancel[0;7mM-M[m Mac Format          [0;7mM[m :[K[K[32m[m[32m[m[39;49m[39;49m[m[0;7m[m[0;7m[m[0;7m[m[0;7m[m[0;7m[m[0;7m[m[0;7m[m[0;7m[m[0;7m[m[0;7m[m[0;7m[m[0;7m[m[0;7m[m[0;7m[m[0;7m[m[0;7m[m[0;7m[m[0;7m[m[0;7m[m[0;7m[mw[0;7m[m[0;7m[m[0;7m[m[0;7m[m[0;7m[m[0;7m-P[m Prepend[0;7m^T[m Browse[7m^M[27m[0;7mFile Name to Write: README.md                                                                          [m :[K[K[32m[m[32m[m[39;49m[39;49m[m[0;7m[m[0;7m[m[0;7m[m[0;7m[m[0;7m[m[0;7m[m[0;7m[m[0;7m[m[0;7m[m[0;7m[m[0;7m[m[0;7m[m[0;7m[m[0;7m[m[0;7m[m[0;7m[m[0;7m[m[0;7m[m[0;7m[m[0;7m[mw[0;7m[m[0;7m[m[0;7m[m[0;7m[m[0;7m[m[0;7m[m[0;7m[m[0;7m                     [m [0;7m[ Writing... ][m[0;7m [m[0;7m[ Wrote 2 lines ][m[0;7m^O[m Write Out   [0;7m^W[m Where Is    [0;7m^K[m Cut[0;7m^T[m Execute     [0;7m^C[m Location    [0;7mM-U[m [m :[K[K[32m[m[32m[m[39;49m[39;49m[m[0;7m[m[0;7m[m[0;7m[m[0;7m[m[0;7m[m[0;7m[m[0;7m[m[0;7m[m[0;7m[m[0;7m[m[0;7m[m[0;7m[m[0;7m[m[0;7m[m[0;7m[m[0;7m[m[0;7m[m[0;7m[m[0;7m[m[0;7m[mw[0;7m[m[0;7m[m[0;7m[m[0;7m[m[0;7m[m[0;7m[m[0;7m[m[0;7m[m[0;7m[m[0;7m[m[0;7m[m[0;7m[m[0;7m[m[0;7m[m[0;7m[m[0;7m[m[0;7m[mUndo       [0;7mM-A[m Set Mark[0;7mX[m Exit  [0;7m^R[m Read File   [0;7m^\[m Replace     [0;7m^U[m Paste[0;7m^J[m Justify     [0;7m^/[m Go To Line  [0;7mM-E[m Redo       [0;7mM-6[m Copy[7m^M[27m[m :[K[K[32m[m[32m[m[39;49m[39;49m[m[0;7m[m[0;7m[m[0;7m[m[0;7m[m[0;7m[m[0;7m[m[0;7m[m[0;7m[m[0;7m[m[0;7m[m[0;7m[m[0;7m[m[0;7m[m[0;7m[m[0;7m[m[0;7m[m[0;7m[m[0;7m[m[0;7m[m[0;7m[mw[0;7m[m[0;7m[m[0;7m[m[0;7m[m[0;7m[m[0;7m[m[0;7m[m[0;7m[m[0;7m[m[0;7m[m[0;7m[m[0;7m[m[0;7m[m[0;7m[m[0;7m[m[0;7m[m[0;7m[m[0;7m[m[0;7m[m[0;7m[m[0;7m[m[0;7m[m[0;7m[m[0;7m[m[0;7m[m[0;7m[m[7m^M[27makeshsta@TIGER05142: ~/git_assignment[7m^G[27m[01;32mrakeshsta@TIGER05142[00m:[01;34m~/git_assignment[00m$ nano CONTRIBUTING.md[m[41m [7m^M[27m[m[m
:[K[K[32m+[m[32m[7m^M[27m[m[39;49m[m[m
:[K[K\ No newline at end of file[m[m
:[K[K[K[7m(END)[27m[K[K[K[7m(END)[27m[K[K[K[7m(END)[27m[K[K[K[7m(END)[27m[K[K[K[7m(END)[27m[K[K[K[7m(END)[27m[K[K[K[7m(END)[27m[K[K[K[7m(END)[27m[K[K[K[7m(END)[27m[K[K[K[7m(END)[27m[K[K[K[7m(END)[27m[K[K[K[7m(END)[27m[K[K[K[7m(END)[27m[K[K[K[7m(END)[27m[K[K[K[7m(END)[27m[K[K[K[7m(END)[27m[K[K[K[7m(END)[27m[K[K[K[7m(END)[27m[K[K[K[7m(END)[27m[K[K[K[7m(END)[27m[K[K[?1l>[?2004h]0;rakeshsta@TIGER05142: ~/git_assignment[01;32mrakeshsta@TIGER05142[00m:[01;34m~/git_assignment[00m$ git status
[?2004lOn branch main

No commits yet

Changes to be committed:
  (use "git rm --cached <file>..." to unstage)
	[32mnew file:   .gitignore[m
	[32mnew file:   CONTRIBUTING.md[m
	[32mnew file:   README.md[m
	[32mnew file:   my_git_session[m

Changes not staged for commit:
  (use "git add <file>..." to update what will be committed)
  (use "git restore <file>..." to discard changes in working directory)
	[31mmodified:   CONTRIBUTING.md[m
	[31mmodified:   README.md[m
	[31mmodified:   my_git_session[m

[?2004h]0;rakeshsta@TIGER05142: ~/git_assignment[01;32mrakeshsta@TIGER05142[00m:[01;34m~/git_assignment[00m$ git add my_git_session 
[?2004l[?2004h]0;rakeshsta@TIGER05142: ~/git_assignment[01;32mrakeshsta@TIGER05142[00m:[01;34m~/git_assignment[00m$ git diff
[?2004l[?1h=[1mdiff --git a/CONTRIBUTING.md b/CONTRIBUTING.md[m[m
[1mindex 532cf49..7b1a2d3 100644[m[m
[1m--- a/CONTRIBUTING.md[m[m
[1m+++ b/CONTRIBUTING.md[m[m
[36m@@ -1,3 +1,4 @@[m[m
 Test file[m[m
 Second line of CONTRIBUTING.md[m[m
 Third line of CONTRIBUTING.md[m[m
[32m+[m[32mFourth Line[m[m
[1mdiff --git a/README.md b/README.md[m[m
[1mindex 0c6c9ed..d952c29 100644[m[m
[1m--- a/README.md[m[m
[1m+++ b/README.md[m[m
[36m@@ -1 +1,2 @@[m[m
 Git Assignment Repository[m[m
[32m+[m[32mNew line added[m[m
[K[?1l>[?2004h]0;rakeshsta@TIGER05142: ~/git_assignment[01;32mrakeshsta@TIGER05142[00m:[01;34m~/git_assignment[00m$ gti[K[Kit status
[?2004lOn branch main

No commits yet

Changes to be committed:
  (use "git rm --cached <file>..." to unstage)
	[32mnew file:   .gitignore[m
	[32mnew file:   CONTRIBUTING.md[m
	[32mnew file:   README.md[m
	[32mnew file:   my_git_session[m

Changes not staged for commit:
  (use "git add <file>..." to update what will be committed)
  (use "git restore <file>..." to discard changes in working directory)
	[31mmodified:   CONTRIBUTING.md[m
	[31mmodified:   README.md[m

[?2004h]0;rakeshsta@TIGER05142: ~/git_assignment[01;32mrakeshsta@TIGER05142[00m:[01;34m~/git_assignment[00m$ git add CONTRIBUTING.md 
[?2004l[?2004h]0;rakeshsta@TIGER05142: ~/git_assignment[01;32mrakeshsta@TIGER05142[00m:[01;34m~/git_assignment[00m$ nano CONTRIBUTING.md 
[?2004l[?2004h[?1049h[22;0;0t[1;31r(B[m[4l[?7h[39;49m[?1h=[?1h=[?25l[39;49m(B[m[H[2J[29;56H(B[0;7m[ Reading... ](B[m[29;55H(B[0;7m[ Read 4 lines ](B[m[H(B[0;7m  GNU nano 7.2                                           CONTRIBUTING.md                                                    [1;123H(B[m[30d(B[0;7m^G(B[m Help[30;16H(B[0;7m^O(B[m Write Out   (B[0;7m^W(B[m Where Is    (B[0;7m^K(B[m Cut[30;61H(B[0;7m^T(B[m Execute     (B[0;7m^C(B[m Location    (B[0;7mM-U(B[m Undo[106G(B[0;7mM-A(B[m Set Mark[31d(B[0;7m^X(B[m Exit[31;16H(B[0;7m^R(B[m Read File   (B[0;7m^\(B[m Replace     (B[0;7m^U(B[m Paste[61G(B[0;7m^J(B[m Justify     (B[0;7m^/(B[m Go To Line  (B[0;7mM-E(B[m Redo[106G(B[0;7mM-6(B[m Copy[2dTest file[3dSecond line of CONTRIBUTING.md[4dThird line of CONTRIBUTING.md[5dFourth Line[2d[?12l[?25h[?25l[?12l[?25h[3d[?25l[?12l[?25h[4d[?25l[?12l[?25h[5d[?25l[?12l[?25h[6d[?25l[?12l[?25h[5;12H[?25l[1;74H(B[0;7m*[123G(B[m[?12l[?25h[5;13H[?25l[?12l[?25h-[?25l[?12l[?25h [?25l[?12l[?25hU[?25l[?12l[?25hp[?25l[?12l[?25hd[?25l[?12l[?25ha[?25l[?12l[?25ht[?25l[?12l[?25he[?25l[?12l[?25hd[?25l[30;16H[16X[30;32H(B[0;7mM-D(B[m DOS Format      [30;61H  (B[0;7mM-A(B[m Append[21X[30;94H(B[0;7mM-B(B[m Backup File[K[31;2H(B[0;7mC(B[m Cancel[16G[16X[31;32H(B[0;7mM-M(B[m Mac Format        [61G  (B[0;7mM-P(B[m Prepend[20X[31;94H(B[0;7m^T(B[m Browse[K[29d(B[0;7mFile Name to Write: CONTRIBUTING.md                                                                                         [29;36H(B[m[?12l[?25h[?25l[?12l[?25h[?25l[29;55H[1K (B[0;7m[ Writing... ](B[m[K[1;74H(B[0;7m [123G(B[m[29;54H(B[0;7m[ Wrote 4 lines ](B[m[30;16H(B[0;7m^O(B[m Write Out   (B[0;7m^W(B[m Where Is    (B[0;7m^K(B[m Cut[30;61H(B[0;7m^T(B[m Execute     (B[0;7m^C(B[m Location    (B[0;7mM-U(B[m Undo       (B[0;7mM-A(B[m Set Mark[31;2H(B[0;7mX(B[m Exit  [16G(B[0;7m^R(B[m Read File   (B[0;7m^\(B[m Replace     (B[0;7m^U(B[m Paste[61G(B[0;7m^J(B[m Justify     (B[0;7m^/(B[m Go To Line  (B[0;7mM-E(B[m Redo       (B[0;7mM-6(B[m Copy[?12l[?25h[5;22H[?25l[29d[J[31d[?12l[?25h[31;1H[?1049l[23;0;0t[?1l>[?2004l[?2004h]0;rakeshsta@TIGER05142: ~/git_assignment[01;32mrakeshsta@TIGER05142[00m:[01;34m~/git_assignment[00m$ git diff
[?2004l[?1h=[1mdiff --git a/CONTRIBUTING.md b/CONTRIBUTING.md[m[m
[1mindex 7b1a2d3..e8eb0e2 100644[m[m
[1m--- a/CONTRIBUTING.md[m[m
[1m+++ b/CONTRIBUTING.md[m[m
[36m@@ -1,4 +1,4 @@[m[m
 Test file[m[m
 Second line of CONTRIBUTING.md[m[m
 Third line of CONTRIBUTING.md[m[m
[31m-Fourth Line[m[m
[32m+[m[32mFourth Line - Updated[m[m
[1mdiff --git a/README.md b/README.md[m[m
[1mindex 0c6c9ed..d952c29 100644[m[m
[1m--- a/README.md[m[m
[1m+++ b/README.md[m[m
[36m@@ -1 +1,2 @@[m[m
 Git Assignment Repository[m[m
[32m+[m[32mNew line added[m[m
[1mdiff --git a/my_git_session b/my_git_session[m[m
[1mindex 804be03..23737d1 100644[m[m
[1m--- a/my_git_session[m[m
[1m+++ b/my_git_session[m[m
[36m@@ -299,4 +299,61 @@[m [mChanges not staged for commit:[m[m
 :[7m^M[27m[32m+[m[32m[7m^M[27m[m[39;49m[39;49m[m[0;7m[ Reading... ][m[0;7m[ Read 1 line ][m[0;7m  GNU nano 7.2                                              README.md                   [m [32m[m[32m[7m[27m[m[39;49m[39;49m[m[0;7m[m[0;7m[m[0;7m    [m:[7m^M[27m[32m[m[32m[m[39;49m[39;49m[m[0;7m[m[0;7m[m[0;7m                                [m[7m^M[27m[0;7m^G[m Help[0;7m^O[m Write Out   [0;7m^W[m Where Is    [0;7m^K[m Cut[0;7m^T[m Execute     [0;7m^C[m Location    [0;7mM-U[m Undo[0;7mM-[m [32m[m[32m[7m[27m[m[39;49m[39;49m[m[0;7m[m[0;7m[m[0;7m[m[32m[m[32m[m[39;49m[39;49m[m[0;7m[m[0;7m[m[0;7m[m[7m[27m[0;7m[m[0;7m[m[0;7m[m[0;7m[m[0;7m[m[0;7m[m[0;7m[m[0;7mA[m Set M[m:[7m^M[27m[32m[m[32m[m[39;49m[39;49m[m[0;7m[m[0;7m[m[0;7m[m[0;7m[m[0;7m[m[0;7m[m[0;7m[m[0;7m[m[0;7m[m[0;7m[m[0;7m[mark[7m^M[27m[0;7m^X[m Exit[0;7m^R[m Read File   [0;7m^\[m Replace     [0;7m^U[m Paste[0;7m^J[m Justify     [0;7m^/[m Go To Line  [0;7mM-E[m Redo[0;7mM-6[m Copy[7m^M[27mGit Assignment R[m [32m[m[32m[7m[27m[m[39;49m[39;49m[m[0;7m[m[0;7m[m[0;7m[m[32m[m[32m[m[39;49m[39;49m[m[0;7m[m[0;7m[m[0;7m[m[7m[27m[0;7m[m[0;7m[m[0;7m[m[0;7m[m[0;7m[m[0;7m[m[0;7m[m[0;7m[m[m[32m[m[32m[m[39;49m[39;49m[m[0;7m[m[0;7m[m[0;7m[m[0;7m[m[0;7m[m[0;7m[m[0;7m[m[0;7m[m[0;7m[m[0;7m[m[0;7m[m[7m[27m[0;7m[m[0;7m[m[0;7m[m[0;7m[m[0;7m[m[0;7m[m[0;7m[m[0;7m[m[7m[27mepository[7m^[27m[m:[7m^M[27m[32m[m[32m[m[39;49m[39;49m[m[0;7m[m[0;7m[m[0;7m[m[0;7m[m[0;7m[m[0;7m[m[0;7m[m[0;7m[m[0;7m[m[0;7m[m[0;7m[m[0;7m[m[0;7m[m[0;7m[m[0;7m[m[0;7m[m[0;7m[m[0;7m[m[0;7m[m[7m^M[27mGit Assignment Repo[7m^M[27mitory[0;7m*[m[7m^M[27mNew line added[0;7mM-D[m DOS Format        [0;7mM-A[m Append[0;7mM-B[m Backup File[0;7mC[m Cancel[0;7mM-M[m Mac For[m [32m[m[32m[7m[27m[m[39;49m[39;49m[m[0;7m[m[0;7m[m[0;7m[m[32m[m[32m[m[39;49m[39;49m[m[0;7m[m[0;7m[m[0;7m[m[7m[27m[0;7m[m[0;7m[m[0;7m[m[0;7m[m[0;7m[m[0;7m[m[0;7m[m[0;7m[m[m[32m[m[32m[m[39;49m[39;49m[m[0;7m[m[0;7m[m[0;7m[m[0;7m[m[0;7m[m[0;7m[m[0;7m[m[0;7m[m[0;7m[m[0;7m[m[0;7m[m[7m[27m[0;7m[m[0;7m[m[0;7m[m[0;7m[m[0;7m[m[0;7m[m[0;7m[m[0;7m[m[7m[27m[7m[27m[m[32m[m[32m[m[39;49m[39;49m[m[0;7m[m[0;7m[m[0;7m[m[0;7m[m[0;7m[m[0;7m[m[0;7m[m[0;7m[m[0;7m[m[0;7m[m[0;7m[m[0;7m[m[0;7m[m[0;7m[m[0;7m[m[0;7m[m[0;7m[m[0;7m[m[0;7m[m[7m[27m[7m[27m[0;7m[m[7m[27m[0;7m[m[0;7m[m[0;7m[m[0;7m[m[0;7m[mmat          [0;7mM[m:[7m^M[27m[32m[m[32m[m[39;49m[39;49m[m[0;7m[m[0;7m[m[0;7m[m[0;7m[m[0;7m[m[0;7m[m[0;7m[m[0;7m[m[0;7m[m[0;7m[m[0;7m[m[0;7m[m[0;7m[m[0;7m[m[0;7m[m[0;7m[m[0;7m[m[0;7m[m[0;7m[m[0;7m[mw[0;7m[m[0;7m[m[0;7m[m[0;7m[m[0;7m[m[0;7m-P[m Prepend[0;7m^T[m Browse[7m^M[27m[0;7mFile Name to Write: README.md                                                        [m [32m[m[32m[7m[27m[m[39;49m[39;49m[m[0;7m[m[0;7m[m[0;7m[m[32m[m[32m[m[39;49m[39;49m[m[0;7m[m[0;7m[m[0;7m[m[7m[27m[0;7m[m[0;7m[m[0;7m[m[0;7m[m[0;7m[m[0;7m[m[0;7m[m[0;7m[m[m[32m[m[32m[m[39;49m[39;49m[m[0;7m[m[0;7m[m[0;7m[m[0;7m[m[0;7m[m[0;7m[m[0;7m[m[0;7m[m[0;7m[m[0;7m[m[0;7m[m[7m[27m[0;7m[m[0;7m[m[0;7m[m[0;7m[m[0;7m[m[0;7m[m[0;7m[m[0;7m[m[7m[27m[7m[27m[m[32m[m[32m[m[39;49m[39;49m[m[0;7m[m[0;7m[m[0;7m[m[0;7m[m[0;7m[m[0;7m[m[0;7m[m[0;7m[m[0;7m[m[0;7m[m[0;7m[m[0;7m[m[0;7m[m[0;7m[m[0;7m[m[0;7m[m[0;7m[m[0;7m[m[0;7m[m[7m[27m[7m[27m[0;7m[m[7m[27m[0;7m[m[0;7m[m[0;7m[m[0;7m[m[0;7m[m[0;7m[m[32m[m[32m[m[39;49m[39;49m[m[0;7m[m[0;7m[m[0;7m[m[0;7m[m[0;7m[m[0;7m[m[0;7m[m[0;7m[m[0;7m[m[0;7m[m[0;7m[m[0;7m[m[0;7m[m[0;7m[m[0;7m[m[0;7m[m[0;7m[m[0;7m[m[0;7m[m[0;7m[m[0;7m[m[0;7m[m[0;7m[m[0;7m[m[0;7m[m[0;7m[m[0;7m[m[7m[27m[0;7m                  [m:[7m^M[27m[32m[m[32m[m[39;49m[39;49m[m[0;7m[m[0;7m[m[0;7m[m[0;7m[m[0;7m[m[0;7m[m[0;7m[m[0;7m[m[0;7m[m[0;7m[m[0;7m[m[0;7m[m[0;7m[m[0;7m[m[0;7m[m[0;7m[m[0;7m[m[0;7m[m[0;7m[m[0;7m[mw[0;7m[m[0;7m[m[0;7m[m[0;7m[m[0;7m[m[0;7m[m[0;7m[m[0;7m                     [m [0;7m[ Writing... ][m[0;7m [m[0;7m[ Wrote 2 lines ][m[0;7m^O[m Write Out   [0;7m^W[m Where Is    [0;7m^K[m Cut[0;7m^T[m Execute  [m [32m[m[32m[7m[27m[m[39;49m[39;49m[m[0;7m[m[0;7m[m[0;7m[m[32m[m[32m[m[39;49m[39;49m[m[0;7m[m[0;7m[m[0;7m[m[7m[27m[0;7m[m[0;7m[m[0;7m[m[0;7m[m[0;7m[m[0;7m[m[0;7m[m[0;7m[m[m[32m[m[32m[m[39;49m[39;49m[m[0;7m[m[0;7m[m[0;7m[m[0;7m[m[0;7m[m[0;7m[m[0;7m[m[0;7m[m[0;7m[m[0;7m[m[0;7m[m[7m[27m[0;7m[m[0;7m[m[0;7m[m[0;7m[m[0;7m[m[0;7m[m[0;7m[m[0;7m[m[7m[27m[7m[27m[m[32m[m[32m[m[39;49m[39;49m[m[0;7m[m[0;7m[m[0;7m[m[0;7m[m[0;7m[m[0;7m[m[0;7m[m[0;7m[m[0;7m[m[0;7m[m[0;7m[m[0;7m[m[0;7m[m[0;7m[m[0;7m[m[0;7m[m[0;7m[m[0;7m[m[0;7m[m[7m[27m[7m[27m[0;7m[m[7m[27m[0;7m[m[0;7m[m[0;7m[m[0;7m[m[0;7m[m[0;7m[m[32m[m[32m[m[39;49m[39;49m[m[0;7m[m[0;7m[m[0;7m[m[0;7m[m[0;7m[m[0;7m[m[0;7m[m[0;7m[m[0;7m[m[0;7m[m[0;7m[m[0;7m[m[0;7m[m[0;7m[m[0;7m[m[0;7m[m[0;7m[m[0;7m[m[0;7m[m[0;7m[m[0;7m[m[0;7m[m[0;7m[m[0;7m[m[0;7m[m[0;7m[m[0;7m[m[7m[27m[0;7m[m[32m[m[32m[m[39;49m[39;49m[m[0;7m[m[0;7m[m[0;7m[m[0;7m[m[0;7m[m[0;7m[m[0;7m[m[0;7m[m[0;7m[m[0;7m[m[0;7m[m[0;7m[m[0;7m[m[0;7m[m[0;7m[m[0;7m[m[0;7m[m[0;7m[m[0;7m[m[0;7m[m[0;7m[m[0;7m[m[0;7m[m[0;7m[m[0;7m[m[0;7m[m[0;7m[m[0;7m[m[0;7m[m[0;7m[m[0;7m[m[0;7m[m[0;7m[m[0;7m[m[0;7m[m   [0;7m^C[m Location    [0;7mM-U[m [m:[7m^M[27m[32m[m[32m[m[39;49m[39;49m[m[0;7m[m[0;7m[m[0;7m[m[0;7m[m[0;7m[m[0;7m[m[0;7m[m[0;7m[m[0;7m[m[0;7m[m[0;7m[m[0;7m[m[0;7m[m[0;7m[m[0;7m[m[0;7m[m[0;7m[m[0;7m[m[0;7m[m[0;7m[mw[0;7m[m[0;7m[m[0;7m[m[0;7m[m[0;7m[m[0;7m[m[0;7m[m[0;7m[m[0;7m[m[0;7m[m[0;7m[m[0;7m[m[0;7m[m[